SUMMARY OF JOB INFORMATION
  STEP      INC     ATT  ITRS     TOT TIME     STEP TIME      INC TIME
     1          1     1U    1  0.000000E+00  0.000000E+00  0.100000E+01
     1          1     2     2  0.250000E+00  0.250000E+00  0.250000E+00
     1          2     1     2  0.500000E+00  0.500000E+00  0.250000E+00
     1          3     1U    1  0.500000E+00  0.500000E+00  0.375000E+00
     1          3     2     2  0.593750E+00  0.593750E+00  0.937500E-01
     1          4     1     2  0.687500E+00  0.687500E+00  0.937500E-01
     1          5     1     2  0.828125E+00  0.828125E+00  0.140625E+00
     1          6     1U    1  0.828125E+00  0.828125E+00  0.171875E+00
     1          6     2U    1  0.828125E+00  0.828125E+00  0.429688E-01
     1          6     3     2  0.838867E+00  0.838867E+00  0.107422E-01
     1          7     1U    1  0.838867E+00  0.838867E+00  0.107422E-01
     1          7     2     2  0.841553E+00  0.841553E+00  0.268555E-02
     1          8     1     2  0.844238E+00  0.844238E+00  0.268555E-02
     1          9     1     2  0.848267E+00  0.848267E+00  0.402832E-02
     1         10     1U    1  0.848267E+00  0.848267E+00  0.604248E-02
     1         10     2U    1  0.848267E+00  0.848267E+00  0.151062E-02
     1         10     3     2  0.848644E+00  0.848644E+00  0.377655E-03
     1         11     1     2  0.849022E+00  0.849022E+00  0.377655E-03
     1         12     1U    1  0.849022E+00  0.849022E+00  0.566483E-03
     1         12     2     2  0.849164E+00  0.849164E+00  0.141621E-03
     1         13     1U    1  0.849164E+00  0.849164E+00  0.141621E-03
     1         13     2U    1  0.849164E+00  0.849164E+00  0.354052E-04
     1         13     3     2  0.849172E+00  0.849172E+00  0.885129E-05
     1         14     1     2  0.849181E+00  0.849181E+00  0.885129E-05
     1         15     1     2  0.849195E+00  0.849195E+00  0.132769E-04
     1         16     1U    1  0.849195E+00  0.849195E+00  0.199154E-04
     1         16     2U    1  0.849195E+00  0.849195E+00  0.497885E-05
     1         16     3     2  0.849196E+00  0.849196E+00  0.124471E-05
     1         17     1     2  0.849197E+00  0.849197E+00  0.124471E-05
     1         18     1U    1  0.849197E+00  0.849197E+00  0.186707E-05
