SUMMARY OF C0NVERGENCE INFORMATION
  STEP   INC  ATT   ITER     CONT.   RESID.        CORR.      RESID.      CORR.
                              EL.    FORCE         DISP       FLUX        TEMP.
                              (#)     (%)           (%)        (%)         (%)
     1     1     1     1        0  0.0000E+00  0.1000E+03  0.0000E+00  0.0000E+00
     1     1     2     1        0  0.0000E+00  0.1000E+03  0.0000E+00  0.0000E+00
     1     1     2     2        0  0.0000E+00  0.4031E-11  0.0000E+00  0.0000E+00
     1     2     1     1        0  0.0000E+00  0.4545E-13  0.0000E+00  0.0000E+00
     1     2     1     2        0  0.0000E+00  0.3483E-13  0.0000E+00  0.0000E+00
     1     3     1     1        0  0.0000E+00  0.7839E-13  0.0000E+00  0.0000E+00
     1     3     2     1        0  0.0000E+00  0.2036E-12  0.0000E+00  0.0000E+00
     1     3     2     2        0  0.0000E+00  0.1133E-12  0.0000E+00  0.0000E+00
     1     4     1     1        0  0.0000E+00  0.3141E-12  0.0000E+00  0.0000E+00
     1     4     1     2        0  0.0000E+00  0.1098E-12  0.0000E+00  0.0000E+00
     1     5     1     1        0  0.0000E+00  0.2491E-12  0.0000E+00  0.0000E+00
     1     5     1     2        0  0.0000E+00  0.1240E-12  0.0000E+00  0.0000E+00
     1     6     1     1        0  0.0000E+00  0.2401E-12  0.0000E+00  0.0000E+00
     1     6     2     1        0  0.0000E+00  0.5465E-12  0.0000E+00  0.0000E+00
     1     6     3     1        0  0.0000E+00  0.2678E-11  0.0000E+00  0.0000E+00
     1     6     3     2        0  0.0000E+00  0.1328E-11  0.0000E+00  0.0000E+00
     1     7     1     1        0  0.0000E+00  0.4280E-11  0.0000E+00  0.0000E+00
     1     7     2     1        0  0.0000E+00  0.1473E-10  0.0000E+00  0.0000E+00
     1     7     2     2        0  0.0000E+00  0.6852E-11  0.0000E+00  0.0000E+00
     1     8     1     1        0  0.0000E+00  0.1506E-10  0.0000E+00  0.0000E+00
     1     8     1     2        0  0.0000E+00  0.5564E-11  0.0000E+00  0.0000E+00
     1     9     1     1        0  0.0000E+00  0.1058E-10  0.0000E+00  0.0000E+00
     1     9     1     2        0  0.0000E+00  0.3516E-11  0.0000E+00  0.0000E+00
     1    10     1     1        0  0.0000E+00  0.8180E-11  0.0000E+00  0.0000E+00
     1    10     2     1        0  0.0000E+00  0.2348E-10  0.0000E+00  0.0000E+00
     1    10     3     1        0  0.0000E+00  0.6647E-10  0.0000E+00  0.0000E+00
     1    10     3     2        0  0.0000E+00  0.4672E-10  0.0000E+00  0.0000E+00
     1    11     1     1        0  0.0000E+00  0.8846E-10  0.0000E+00  0.0000E+00
     1    11     1     2        0  0.0000E+00  0.3826E-10  0.0000E+00  0.0000E+00
     1    12     1     1        0  0.0000E+00  0.1123E-09  0.0000E+00  0.0000E+00
     1    12     2     1        0  0.0000E+00  0.2679E-09  0.0000E+00  0.0000E+00
     1    12     2     2        0  0.0000E+00  0.9864E-10  0.0000E+00  0.0000E+00
     1    13     1     1        0  0.0000E+00  0.3752E-09  0.0000E+00  0.0000E+00
     1    13     2     1        0  0.0000E+00  0.7501E-09  0.0000E+00  0.0000E+00
     1    13     3     1        0  0.0000E+00  0.4015E-08  0.0000E+00  0.0000E+00
     1    13     3     2        0  0.0000E+00  0.1659E-08  0.0000E+00  0.0000E+00
     1    14     1     1        0  0.0000E+00  0.6462E-08  0.0000E+00  0.0000E+00
     1    14     1     2        0  0.0000E+00  0.1946E-08  0.0000E+00  0.0000E+00
     1    15     1     1        0  0.0000E+00  0.5343E-08  0.0000E+00  0.0000E+00
     1    15     1     2        0  0.0000E+00  0.1237E-08  0.0000E+00  0.0000E+00
     1    16     1     1        0  0.0000E+00  0.2632E-08  0.0000E+00  0.0000E+00
     1    16     2     1        0  0.0000E+00  0.5702E-08  0.0000E+00  0.0000E+00
     1    16     3     1        0  0.0000E+00  0.2203E-07  0.0000E+00  0.0000E+00
     1    16     3     2        0  0.0000E+00  0.1349E-07  0.0000E+00  0.0000E+00
     1    17     1     1        0  0.0000E+00  0.3677E-07  0.0000E+00  0.0000E+00
     1    17     1     2        0  0.0000E+00  0.1629E-07  0.0000E+00  0.0000E+00
     1    18     1     1        0  0.0000E+00  0.3374E-07  0.0000E+00  0.0000E+00
